// Jest Snapshot v1, https://goo.gl/fbAQLP

exports[`Header renders correctly 1`] = `
ShallowWrapper {
  "length": 1,
  "toJson": [Function],
  Symbol(enzyme.__root__): [Circular],
  Symbol(enzyme.__unrendered__): <Header />,
  Symbol(enzyme.__renderer__): Object {
    "batchedUpdates": [Function],
    "getNode": [Function],
    "render": [Function],
    "simulateEvent": [Function],
    "unmount": [Function],
  },
  Symbol(enzyme.__node__): Object {
    "instance": null,
    "key": undefined,
    "nodeType": "host",
    "props": Object {
      "children": <div
        className="sui-page-header__wrapper clearfix"
>
        <div
                className="sui-logo"
        >
                <Link
                        replace={false}
                        to="/"
                >
                        <SuiLogo
                                height={null}
                                width="100px"
                        />
                </Link>
        </div>
        <div
                className="sui-navbar-wrapper"
        >
                <NavBar />
        </div>
</div>,
      "className": "sui-page-header",
    },
    "ref": null,
    "rendered": Object {
      "instance": null,
      "key": undefined,
      "nodeType": "host",
      "props": Object {
        "children": Array [
          <div
            className="sui-logo"
>
            <Link
                        replace={false}
                        to="/"
            >
                        <SuiLogo
                                    height={null}
                                    width="100px"
                        />
            </Link>
</div>,
          <div
            className="sui-navbar-wrapper"
>
            <NavBar />
</div>,
        ],
        "className": "sui-page-header__wrapper clearfix",
      },
      "ref": null,
      "rendered": Array [
        Object {
          "instance": null,
          "key": undefined,
          "nodeType": "host",
          "props": Object {
            "children": <Link
              replace={false}
              to="/"
>
              <SuiLogo
                            height={null}
                            width="100px"
              />
</Link>,
            "className": "sui-logo",
          },
          "ref": null,
          "rendered": Object {
            "instance": null,
            "key": undefined,
            "nodeType": "class",
            "props": Object {
              "children": <SuiLogo
                height={null}
                width="100px"
/>,
              "replace": false,
              "to": "/",
            },
            "ref": null,
            "rendered": Object {
              "instance": null,
              "key": undefined,
              "nodeType": "function",
              "props": Object {
                "height": null,
                "width": "100px",
              },
              "ref": null,
              "rendered": null,
              "type": [Function],
            },
            "type": [Function],
          },
          "type": "div",
        },
        Object {
          "instance": null,
          "key": undefined,
          "nodeType": "host",
          "props": Object {
            "children": <NavBar />,
            "className": "sui-navbar-wrapper",
          },
          "ref": null,
          "rendered": Object {
            "instance": null,
            "key": undefined,
            "nodeType": "class",
            "props": Object {},
            "ref": null,
            "rendered": null,
            "type": [Function],
          },
          "type": "div",
        },
      ],
      "type": "div",
    },
    "type": "div",
  },
  Symbol(enzyme.__nodes__): Array [
    Object {
      "instance": null,
      "key": undefined,
      "nodeType": "host",
      "props": Object {
        "children": <div
          className="sui-page-header__wrapper clearfix"
>
          <div
                    className="sui-logo"
          >
                    <Link
                              replace={false}
                              to="/"
                    >
                              <SuiLogo
                                        height={null}
                                        width="100px"
                              />
                    </Link>
          </div>
          <div
                    className="sui-navbar-wrapper"
          >
                    <NavBar />
          </div>
</div>,
        "className": "sui-page-header",
      },
      "ref": null,
      "rendered": Object {
        "instance": null,
        "key": undefined,
        "nodeType": "host",
        "props": Object {
          "children": Array [
            <div
              className="sui-logo"
>
              <Link
                            replace={false}
                            to="/"
              >
                            <SuiLogo
                                          height={null}
                                          width="100px"
                            />
              </Link>
</div>,
            <div
              className="sui-navbar-wrapper"
>
              <NavBar />
</div>,
          ],
          "className": "sui-page-header__wrapper clearfix",
        },
        "ref": null,
        "rendered": Array [
          Object {
            "instance": null,
            "key": undefined,
            "nodeType": "host",
            "props": Object {
              "children": <Link
                replace={false}
                to="/"
>
                <SuiLogo
                                height={null}
                                width="100px"
                />
</Link>,
              "className": "sui-logo",
            },
            "ref": null,
            "rendered": Object {
              "instance": null,
              "key": undefined,
              "nodeType": "class",
              "props": Object {
                "children": <SuiLogo
                  height={null}
                  width="100px"
/>,
                "replace": false,
                "to": "/",
              },
              "ref": null,
              "rendered": Object {
                "instance": null,
                "key": undefined,
                "nodeType": "function",
                "props": Object {
                  "height": null,
                  "width": "100px",
                },
                "ref": null,
                "rendered": null,
                "type": [Function],
              },
              "type": [Function],
            },
            "type": "div",
          },
          Object {
            "instance": null,
            "key": undefined,
            "nodeType": "host",
            "props": Object {
              "children": <NavBar />,
              "className": "sui-navbar-wrapper",
            },
            "ref": null,
            "rendered": Object {
              "instance": null,
              "key": undefined,
              "nodeType": "class",
              "props": Object {},
              "ref": null,
              "rendered": null,
              "type": [Function],
            },
            "type": "div",
          },
        ],
        "type": "div",
      },
      "type": "div",
    },
  ],
  Symbol(enzyme.__options__): Object {
    "adapter": ReactFifteenAdapter {
      "options": Object {
        "supportPrevContextArgumentOfComponentDidUpdate": true,
      },
    },
  },
}
`;
